contains "removeCharacter"
contains "addCharacter" 2 l
contains "enterRoom"