notcontains "clean
removeCharacter"
contains "clean"
contains "removeEnvironmentalFactor
addEnvironmentalFactor"