contains "removeCharacter" 2 l
contains "clean"
contains "removeEnvironmentalFactor
addEnvironmentalFactor"