contains "removeAllDoors" 1
contains "bringbackDoors" 1
contains "reduceDurationCursed" 5