contains "addCharacter" 2
contains "enterRoom"
contains "getCapacity"
contains "getCharacters"