contains "removeAllDoors" 1
notcontains "bringbackDoors"
contains "reduceDurationCursed"