contains "putdownItem
addItem"
contains "kick"
contains "removeCharacter"