contains "removeItem"
contains "connect"
contains "setPair"