contains "pickupItem
removeItem"
contains "onPickUp
use"
contains "Game over"