contains "pickupItem"
contains "onPickUp"
contains "use"
contains "putdownItem"
contains "Dropped"