contains "pickupItem" 6
contains "Successfully picked up item" 5
contains "Could not pick up item" 1