contains "enterRoom" 2
contains "removeCharacter" 2