contains "putdownItem"
contains "Successfully picked up item"
contains "addItem"