contains "putdownItem"
contains "setLocation"
contains "addItem"