contains "splitRoom" 1 m
contains "Neighbours of old room: 2"
contains "Neighbours of new room: 2"
contains "Characters of old room: 1"
contains "Characters of new room: 1"
contains "Model.Items of old room: 1"
contains "Model.Items of new room: 1"
contains "EnvironmentalFactors of old room: 0"
contains "EnvironmentalFactors of old room: 0"