contains "create
create"
notcontains "eger vara"
contains "move" 3 l
