contains "setStunned"
contains "stun"
contains "use"