notcontains "stun
getStunned
setStunned"
contains "stun"